<div>
  <span>
    TimeoutError: Timed out after 1ms
  </span>
</div>