<div>
  <span>
    TimeoutError: Timed out after 1ms
  </span>
</div>
<div
  id="GENERATED-0"
  style="display:none"
/>