<div>
  <noscript
    id="GENERATED-0"
  />
</div>
<div
  id="GENERATED-1"
  style="display:none"
>
  <span>
    TimeoutError: Timed out after 1ms
  </span>
</div>