<div>
  <noscript
    id="GENERATED-0"
  />
</div>