<div>
  <span>
    Stale
  </span>
  <span>
    Hello John!
  </span>
  <button>
    Toggle
  </button>
</div>
<div
  id="GENERATED-0"
  style="display:none"
/>