<div>
  <span
    id="GENERATED-0"
  >
    <span>
      Loading...
    </span>
  </span>
</div>
<div
  id="GENERATED-1"
  style="display:none"
>
  <span>
    Hello world!
  </span>
</div>