<div>
  <span
    id="GENERATED-0"
  >
    <span>
      Loading...
    </span>
  </span>
</div>