<div>
  <span
    id="GENERATED-0"
  >
    <span>
      Loading Messages
    </span>
  </span>
</div>
<div
  id="GENERATED-1"
  style="display:none"
>
  <h1>
    Messages
  </h1>
  <button>
    Add
  </button>
</div>