<div>
  <span
    id="GENERATED-0"
  >
    <span>
      Loading Messages
    </span>
  </span>
</div>