<h1>
  Messages
</h1>
<span>
  Hello
</span>
<span />
<button>
  Add
</button>